// Jest Snapshot v1, https://goo.gl/fbAQLP

exports[`it renders 1`] = `
ShallowWrapper {
  Symbol(enzyme.__root__): [Circular],
  Symbol(enzyme.__unrendered__): <ErrorDialog
    error="oh no!"
  />,
  Symbol(enzyme.__renderer__): Object {
    "batchedUpdates": [Function],
    "getNode": [Function],
    "render": [Function],
    "simulateError": [Function],
    "simulateEvent": [Function],
    "unmount": [Function],
  },
  Symbol(enzyme.__node__): Object {
    "instance": null,
    "key": undefined,
    "nodeType": "host",
    "props": Object {
      "children": Array [
        "There was an error fetching your shortlinks, please refresh the page:",
        " ",
        "oh no!",
      ],
    },
    "ref": null,
    "rendered": Array [
      "There was an error fetching your shortlinks, please refresh the page:",
      " ",
      "oh no!",
    ],
    "type": "p",
  },
  Symbol(enzyme.__nodes__): Array [
    Object {
      "instance": null,
      "key": undefined,
      "nodeType": "host",
      "props": Object {
        "children": Array [
          "There was an error fetching your shortlinks, please refresh the page:",
          " ",
          "oh no!",
        ],
      },
      "ref": null,
      "rendered": Array [
        "There was an error fetching your shortlinks, please refresh the page:",
        " ",
        "oh no!",
      ],
      "type": "p",
    },
  ],
  Symbol(enzyme.__options__): Object {
    "adapter": ReactSixteenAdapter {
      "options": Object {
        "enableComponentDidUpdateOnSetState": true,
        "lifecycles": Object {
          "componentDidUpdate": Object {
            "onSetState": true,
          },
          "getDerivedStateFromProps": true,
          "getSnapshotBeforeUpdate": true,
          "setState": Object {
            "skipsComponentDidUpdateOnNullish": true,
          },
        },
      },
    },
  },
}
`;
