// Jest Snapshot v1, https://goo.gl/fbAQLP

exports[`it renders 1`] = `
ShallowWrapper {
  Symbol(enzyme.__root__): [Circular],
  Symbol(enzyme.__unrendered__): <ShortLinkList
    cachedUrls={
      Object {
        "MDL7g1YiM": Object {
          "url": "http://google.com",
        },
      }
    }
  />,
  Symbol(enzyme.__renderer__): Object {
    "batchedUpdates": [Function],
    "getNode": [Function],
    "render": [Function],
    "simulateError": [Function],
    "simulateEvent": [Function],
    "unmount": [Function],
  },
  Symbol(enzyme.__node__): Object {
    "instance": null,
    "key": undefined,
    "nodeType": "class",
    "props": Object {
      "children": Array [
        <p>
          <a
            href="http://google.com"
            rel="noopener noreferrer"
            target="_blank"
          >
            MDL7g1YiM
             - 
            http://google.com
          </a>
        </p>,
      ],
    },
    "ref": null,
    "rendered": Array [
      Object {
        "instance": null,
        "key": undefined,
        "nodeType": "host",
        "props": Object {
          "children": <a
            href="http://google.com"
            rel="noopener noreferrer"
            target="_blank"
          >
            MDL7g1YiM
             - 
            http://google.com
          </a>,
        },
        "ref": null,
        "rendered": Object {
          "instance": null,
          "key": "MDL7g1YiM",
          "nodeType": "host",
          "props": Object {
            "children": Array [
              "MDL7g1YiM",
              " - ",
              "http://google.com",
            ],
            "href": "http://google.com",
            "rel": "noopener noreferrer",
            "target": "_blank",
          },
          "ref": null,
          "rendered": Array [
            "MDL7g1YiM",
            " - ",
            "http://google.com",
          ],
          "type": "a",
        },
        "type": "p",
      },
    ],
    "type": [Function],
  },
  Symbol(enzyme.__nodes__): Array [
    Object {
      "instance": null,
      "key": undefined,
      "nodeType": "class",
      "props": Object {
        "children": Array [
          <p>
            <a
              href="http://google.com"
              rel="noopener noreferrer"
              target="_blank"
            >
              MDL7g1YiM
               - 
              http://google.com
            </a>
          </p>,
        ],
      },
      "ref": null,
      "rendered": Array [
        Object {
          "instance": null,
          "key": undefined,
          "nodeType": "host",
          "props": Object {
            "children": <a
              href="http://google.com"
              rel="noopener noreferrer"
              target="_blank"
            >
              MDL7g1YiM
               - 
              http://google.com
            </a>,
          },
          "ref": null,
          "rendered": Object {
            "instance": null,
            "key": "MDL7g1YiM",
            "nodeType": "host",
            "props": Object {
              "children": Array [
                "MDL7g1YiM",
                " - ",
                "http://google.com",
              ],
              "href": "http://google.com",
              "rel": "noopener noreferrer",
              "target": "_blank",
            },
            "ref": null,
            "rendered": Array [
              "MDL7g1YiM",
              " - ",
              "http://google.com",
            ],
            "type": "a",
          },
          "type": "p",
        },
      ],
      "type": [Function],
    },
  ],
  Symbol(enzyme.__options__): Object {
    "adapter": ReactSixteenAdapter {
      "options": Object {
        "enableComponentDidUpdateOnSetState": true,
        "lifecycles": Object {
          "componentDidUpdate": Object {
            "onSetState": true,
          },
          "getDerivedStateFromProps": true,
          "getSnapshotBeforeUpdate": true,
          "setState": Object {
            "skipsComponentDidUpdateOnNullish": true,
          },
        },
      },
    },
  },
}
`;
